Archive member included to satisfy reference by file (symbol)

c:/program files (x86)/atmel/studio/7.0/toolchain/avr8/avr8-gnu-toolchain/bin/../lib/gcc/avr/5.4.0/avr5\libgcc.a(_divmodhi4.o)
                              HAL/KP/KP_program.o (__divmodhi4)
c:/program files (x86)/atmel/studio/7.0/toolchain/avr8/avr8-gnu-toolchain/bin/../lib/gcc/avr/5.4.0/avr5\libgcc.a(_exit.o)
                              C:/Program Files (x86)/Atmel/Studio/7.0/Packs/atmel/ATmega_DFP/1.7.374/gcc/dev/atmega32/avr5/crtatmega32.o (exit)
c:/program files (x86)/atmel/studio/7.0/toolchain/avr8/avr8-gnu-toolchain/bin/../lib/gcc/avr/5.4.0/avr5\libgcc.a(_tablejump2.o)
                              MCAL/TIMER0/TIMER0_prog.o (__tablejump2__)
c:/program files (x86)/atmel/studio/7.0/toolchain/avr8/avr8-gnu-toolchain/bin/../lib/gcc/avr/5.4.0/avr5\libgcc.a(_copy_data.o)
                              APP/main.o (__do_copy_data)
c:/program files (x86)/atmel/studio/7.0/toolchain/avr8/avr8-gnu-toolchain/bin/../lib/gcc/avr/5.4.0/avr5\libgcc.a(_clear_bss.o)
                              APP/main.o (__do_clear_bss)
c:/program files (x86)/atmel/studio/7.0/toolchain/avr8/avr8-gnu-toolchain/bin/../lib/gcc/avr/5.4.0/avr5\libgcc.a(_udivmodhi4.o)
                              c:/program files (x86)/atmel/studio/7.0/toolchain/avr8/avr8-gnu-toolchain/bin/../lib/gcc/avr/5.4.0/avr5\libgcc.a(_divmodhi4.o) (__udivmodhi4)

Discarded input sections

 .data          0x00000000        0x0 C:/Program Files (x86)/Atmel/Studio/7.0/Packs/atmel/ATmega_DFP/1.7.374/gcc/dev/atmega32/avr5/crtatmega32.o
 .bss           0x00000000        0x0 C:/Program Files (x86)/Atmel/Studio/7.0/Packs/atmel/ATmega_DFP/1.7.374/gcc/dev/atmega32/avr5/crtatmega32.o
 .text          0x00000000        0x0 APP/main.o
 .data          0x00000000        0x0 APP/main.o
 .bss           0x00000000        0x0 APP/main.o
 .rodata.str1.1
                0x00000000       0x29 APP/main.o
 .text.Lcd_kp_tests
                0x00000000       0x56 APP/main.o
 .text.Timer0_kpBuzzer
                0x00000000       0x5c APP/main.o
 .text.Timer0_tglLed
                0x00000000       0x34 APP/main.o
 .text.watch_alarm
                0x00000000       0x86 APP/main.o
 .text.ICU      0x00000000       0x98 APP/main.o
 .bss.T_on      0x00000000        0x2 APP/main.o
 .bss.period    0x00000000        0x2 APP/main.o
 .text          0x00000000        0x0 HAL/7SEG/7SEG_prog.o
 .data          0x00000000        0x0 HAL/7SEG/7SEG_prog.o
 .bss           0x00000000        0x0 HAL/7SEG/7SEG_prog.o
 .text.seg_init
                0x00000000       0x66 HAL/7SEG/7SEG_prog.o
 .text.seg_dispNum
                0x00000000        0x2 HAL/7SEG/7SEG_prog.o
 .debug_info    0x00000000      0x1ed HAL/7SEG/7SEG_prog.o
 .debug_abbrev  0x00000000       0xa5 HAL/7SEG/7SEG_prog.o
 .debug_aranges
                0x00000000       0x28 HAL/7SEG/7SEG_prog.o
 .debug_ranges  0x00000000       0x18 HAL/7SEG/7SEG_prog.o
 .debug_line    0x00000000       0xf1 HAL/7SEG/7SEG_prog.o
 .debug_str     0x00000000      0x1b9 HAL/7SEG/7SEG_prog.o
 .comment       0x00000000       0x31 HAL/7SEG/7SEG_prog.o
 .debug_frame   0x00000000       0x34 HAL/7SEG/7SEG_prog.o
 .text          0x00000000        0x0 HAL/KP/KP_program.o
 .data          0x00000000        0x0 HAL/KP/KP_program.o
 .bss           0x00000000        0x0 HAL/KP/KP_program.o
 .rodata.str1.1
                0x00000000       0x47 HAL/KP/KP_program.o
 .text.KP_password
                0x00000000      0x152 HAL/KP/KP_program.o
 .text.KP_u8SimpleCalc
                0x00000000      0x1b4 HAL/KP/KP_program.o
 .text          0x00000000        0x0 HAL/LCD/LCD_prog.o
 .data          0x00000000        0x0 HAL/LCD/LCD_prog.o
 .bss           0x00000000        0x0 HAL/LCD/LCD_prog.o
 .text.LCD_goto
                0x00000000       0x26 HAL/LCD/LCD_prog.o
 .text.LCD_voidPrintStr
                0x00000000       0x26 HAL/LCD/LCD_prog.o
 .text.LCD_setCursor
                0x00000000       0x18 HAL/LCD/LCD_prog.o
 .text.LCD_create_char
                0x00000000       0x36 HAL/LCD/LCD_prog.o
 .text          0x00000000        0x0 HAL/LED/LED_prog.o
 .data          0x00000000        0x0 HAL/LED/LED_prog.o
 .bss           0x00000000        0x0 HAL/LED/LED_prog.o
 .text.LED_voidON
                0x00000000       0x1e HAL/LED/LED_prog.o
 .text.LED_voidOFF
                0x00000000       0x1e HAL/LED/LED_prog.o
 .text.LED_voidTgl_LED
                0x00000000       0x1c HAL/LED/LED_prog.o
 .debug_info    0x00000000      0x1ee HAL/LED/LED_prog.o
 .debug_abbrev  0x00000000       0x8d HAL/LED/LED_prog.o
 .debug_loc     0x00000000      0x195 HAL/LED/LED_prog.o
 .debug_aranges
                0x00000000       0x30 HAL/LED/LED_prog.o
 .debug_ranges  0x00000000       0x20 HAL/LED/LED_prog.o
 .debug_line    0x00000000       0xea HAL/LED/LED_prog.o
 .debug_str     0x00000000      0x1de HAL/LED/LED_prog.o
 .comment       0x00000000       0x31 HAL/LED/LED_prog.o
 .debug_frame   0x00000000       0x68 HAL/LED/LED_prog.o
 .text          0x00000000        0x0 HAL/SW/SW_prog.o
 .data          0x00000000        0x0 HAL/SW/SW_prog.o
 .bss           0x00000000        0x0 HAL/SW/SW_prog.o
 .text.SW_getSwSt
                0x00000000       0x10 HAL/SW/SW_prog.o
 .debug_info    0x00000000      0x107 HAL/SW/SW_prog.o
 .debug_abbrev  0x00000000       0x9c HAL/SW/SW_prog.o
 .debug_loc     0x00000000       0x60 HAL/SW/SW_prog.o
 .debug_aranges
                0x00000000       0x20 HAL/SW/SW_prog.o
 .debug_ranges  0x00000000       0x10 HAL/SW/SW_prog.o
 .debug_line    0x00000000       0xac HAL/SW/SW_prog.o
 .debug_str     0x00000000      0x1df HAL/SW/SW_prog.o
 .comment       0x00000000       0x31 HAL/SW/SW_prog.o
 .debug_frame   0x00000000       0x24 HAL/SW/SW_prog.o
 .text          0x00000000        0x0 MCAL/ADC/ADC_prog.o
 .data          0x00000000        0x0 MCAL/ADC/ADC_prog.o
 .bss           0x00000000        0x0 MCAL/ADC/ADC_prog.o
 .text.ADC_init
                0x00000000       0x48 MCAL/ADC/ADC_prog.o
 .text.ADCI_EN  0x00000000        0x8 MCAL/ADC/ADC_prog.o
 .text.ADCI_DIS
                0x00000000        0x8 MCAL/ADC/ADC_prog.o
 .text.ADC_read
                0x00000000       0x18 MCAL/ADC/ADC_prog.o
 .text.ADC_startConv
                0x00000000        0x8 MCAL/ADC/ADC_prog.o
 .text.callback_ADC
                0x00000000        0xe MCAL/ADC/ADC_prog.o
 .text          0x00000000        0x0 MCAL/DIO/Dio_prog.o
 .data          0x00000000        0x0 MCAL/DIO/Dio_prog.o
 .bss           0x00000000        0x0 MCAL/DIO/Dio_prog.o
 .text.Dio_voidTogglePin
                0x00000000       0x70 MCAL/DIO/Dio_prog.o
 .text.Dio_voidSetPortValue
                0x00000000       0x24 MCAL/DIO/Dio_prog.o
 .text.Dio_voidSetPortDirection
                0x00000000       0x58 MCAL/DIO/Dio_prog.o
 .text          0x00000000        0x0 MCAL/EXTI0/EXTI0_prog.o
 .data          0x00000000        0x0 MCAL/EXTI0/EXTI0_prog.o
 .bss           0x00000000        0x0 MCAL/EXTI0/EXTI0_prog.o
 .text.EXTI0_init
                0x00000000       0x28 MCAL/EXTI0/EXTI0_prog.o
 .text.EXTI0_en
                0x00000000        0x8 MCAL/EXTI0/EXTI0_prog.o
 .text.EXTI0_dis
                0x00000000        0x8 MCAL/EXTI0/EXTI0_prog.o
 .text.EXTI0_sensMode
                0x00000000       0x48 MCAL/EXTI0/EXTI0_prog.o
 .text.callback_exti0
                0x00000000        0xe MCAL/EXTI0/EXTI0_prog.o
 .text          0x00000000        0x0 MCAL/EXTI1/EXTI1_prog.o
 .data          0x00000000        0x0 MCAL/EXTI1/EXTI1_prog.o
 .bss           0x00000000        0x0 MCAL/EXTI1/EXTI1_prog.o
 .text.EXTI1_dis
                0x00000000        0x8 MCAL/EXTI1/EXTI1_prog.o
 .text.EXTI1_sensMode
                0x00000000       0x48 MCAL/EXTI1/EXTI1_prog.o
 .text          0x00000000        0x0 MCAL/GIE/GIE_prog.o
 .data          0x00000000        0x0 MCAL/GIE/GIE_prog.o
 .bss           0x00000000        0x0 MCAL/GIE/GIE_prog.o
 .text.GIE_disable
                0x00000000        0x8 MCAL/GIE/GIE_prog.o
 .text          0x00000000        0x0 MCAL/SPI/SPI_program.o
 .data          0x00000000        0x0 MCAL/SPI/SPI_program.o
 .bss           0x00000000        0x0 MCAL/SPI/SPI_program.o
 .text.SPI_MasterInit
                0x00000000       0x12 MCAL/SPI/SPI_program.o
 .text.SPI_MasterTransmit
                0x00000000        0x8 MCAL/SPI/SPI_program.o
 .text.SPI_SlaveInit
                0x00000000       0x12 MCAL/SPI/SPI_program.o
 .text.SPI_SlaveReceive
                0x00000000        0x8 MCAL/SPI/SPI_program.o
 .debug_info    0x00000000       0xde MCAL/SPI/SPI_program.o
 .debug_abbrev  0x00000000       0x85 MCAL/SPI/SPI_program.o
 .debug_aranges
                0x00000000       0x38 MCAL/SPI/SPI_program.o
 .debug_ranges  0x00000000       0x28 MCAL/SPI/SPI_program.o
 .debug_line    0x00000000       0xec MCAL/SPI/SPI_program.o
 .debug_str     0x00000000      0x1b6 MCAL/SPI/SPI_program.o
 .comment       0x00000000       0x31 MCAL/SPI/SPI_program.o
 .debug_frame   0x00000000       0x54 MCAL/SPI/SPI_program.o
 .text          0x00000000        0x0 MCAL/TIMER1/TIMER1_prog.o
 .data          0x00000000        0x0 MCAL/TIMER1/TIMER1_prog.o
 .bss           0x00000000        0x0 MCAL/TIMER1/TIMER1_prog.o
 .text.Timer1_init
                0x00000000       0x3c MCAL/TIMER1/TIMER1_prog.o
 .text.Timer1_u16GetCounterValue
                0x00000000        0x6 MCAL/TIMER1/TIMER1_prog.o
 .text.Timer1_Reset
                0x00000000        0x8 MCAL/TIMER1/TIMER1_prog.o
 .debug_info    0x00000000       0xfe MCAL/TIMER1/TIMER1_prog.o
 .debug_abbrev  0x00000000       0x9a MCAL/TIMER1/TIMER1_prog.o
 .debug_loc     0x00000000       0x42 MCAL/TIMER1/TIMER1_prog.o
 .debug_aranges
                0x00000000       0x30 MCAL/TIMER1/TIMER1_prog.o
 .debug_ranges  0x00000000       0x20 MCAL/TIMER1/TIMER1_prog.o
 .debug_line    0x00000000       0xda MCAL/TIMER1/TIMER1_prog.o
 .debug_str     0x00000000      0x1c3 MCAL/TIMER1/TIMER1_prog.o
 .comment       0x00000000       0x31 MCAL/TIMER1/TIMER1_prog.o
 .debug_frame   0x00000000       0x44 MCAL/TIMER1/TIMER1_prog.o
 .text          0x00000000        0x0 MCAL/TIMER0/TIMER0_prog.o
 .data          0x00000000        0x0 MCAL/TIMER0/TIMER0_prog.o
 .bss           0x00000000        0x0 MCAL/TIMER0/TIMER0_prog.o
 .text.TIMER0_setComOutModeNon
                0x00000000       0x58 MCAL/TIMER0/TIMER0_prog.o
 .text.TIMER0_setDuty
                0x00000000       0x14 MCAL/TIMER0/TIMER0_prog.o
 .text.TIMER0_setCompareMatch
                0x00000000        0x4 MCAL/TIMER0/TIMER0_prog.o
 .text.TIMER0_reset
                0x00000000        0x4 MCAL/TIMER0/TIMER0_prog.o
 .text.TIMER0_setComOutMOdeFast
                0x00000000       0x46 MCAL/TIMER0/TIMER0_prog.o
 .text          0x00000000        0x0 MCAL/USART/USART_program.o
 .data          0x00000000        0x0 MCAL/USART/USART_program.o
 .bss           0x00000000        0x0 MCAL/USART/USART_program.o
 .text.USART_init
                0x00000000        0xe MCAL/USART/USART_program.o
 .text.USART_sendChar
                0x00000000        0x8 MCAL/USART/USART_program.o
 .text.USART_receiveChar
                0x00000000        0x8 MCAL/USART/USART_program.o
 .text.USART_sendString
                0x00000000       0x1c MCAL/USART/USART_program.o
 .debug_info    0x00000000      0x12a MCAL/USART/USART_program.o
 .debug_abbrev  0x00000000       0xc8 MCAL/USART/USART_program.o
 .debug_loc     0x00000000       0x47 MCAL/USART/USART_program.o
 .debug_aranges
                0x00000000       0x38 MCAL/USART/USART_program.o
 .debug_ranges  0x00000000       0x28 MCAL/USART/USART_program.o
 .debug_line    0x00000000      0x10e MCAL/USART/USART_program.o
 .debug_str     0x00000000      0x1b6 MCAL/USART/USART_program.o
 .comment       0x00000000       0x31 MCAL/USART/USART_program.o
 .debug_frame   0x00000000       0x54 MCAL/USART/USART_program.o
 .text          0x00000000        0x0 c:/program files (x86)/atmel/studio/7.0/toolchain/avr8/avr8-gnu-toolchain/bin/../lib/gcc/avr/5.4.0/avr5\libgcc.a(_divmodhi4.o)
 .data          0x00000000        0x0 c:/program files (x86)/atmel/studio/7.0/toolchain/avr8/avr8-gnu-toolchain/bin/../lib/gcc/avr/5.4.0/avr5\libgcc.a(_divmodhi4.o)
 .bss           0x00000000        0x0 c:/program files (x86)/atmel/studio/7.0/toolchain/avr8/avr8-gnu-toolchain/bin/../lib/gcc/avr/5.4.0/avr5\libgcc.a(_divmodhi4.o)
 .text.libgcc.mul
                0x00000000        0x0 c:/program files (x86)/atmel/studio/7.0/toolchain/avr8/avr8-gnu-toolchain/bin/../lib/gcc/avr/5.4.0/avr5\libgcc.a(_divmodhi4.o)
 .text.libgcc   0x00000000        0x0 c:/program files (x86)/atmel/studio/7.0/toolchain/avr8/avr8-gnu-toolchain/bin/../lib/gcc/avr/5.4.0/avr5\libgcc.a(_divmodhi4.o)
 .text.libgcc.prologue
                0x00000000        0x0 c:/program files (x86)/atmel/studio/7.0/toolchain/avr8/avr8-gnu-toolchain/bin/../lib/gcc/avr/5.4.0/avr5\libgcc.a(_divmodhi4.o)
 .text.libgcc.builtins
                0x00000000        0x0 c:/program files (x86)/atmel/studio/7.0/toolchain/avr8/avr8-gnu-toolchain/bin/../lib/gcc/avr/5.4.0/avr5\libgcc.a(_divmodhi4.o)
 .text.libgcc.fmul
                0x00000000        0x0 c:/program files (x86)/atmel/studio/7.0/toolchain/avr8/avr8-gnu-toolchain/bin/../lib/gcc/avr/5.4.0/avr5\libgcc.a(_divmodhi4.o)
 .text.libgcc.fixed
                0x00000000        0x0 c:/program files (x86)/atmel/studio/7.0/toolchain/avr8/avr8-gnu-toolchain/bin/../lib/gcc/avr/5.4.0/avr5\libgcc.a(_divmodhi4.o)
 .text          0x00000000        0x0 c:/program files (x86)/atmel/studio/7.0/toolchain/avr8/avr8-gnu-toolchain/bin/../lib/gcc/avr/5.4.0/avr5\libgcc.a(_exit.o)
 .data          0x00000000        0x0 c:/program files (x86)/atmel/studio/7.0/toolchain/avr8/avr8-gnu-toolchain/bin/../lib/gcc/avr/5.4.0/avr5\libgcc.a(_exit.o)
 .bss           0x00000000        0x0 c:/program files (x86)/atmel/studio/7.0/toolchain/avr8/avr8-gnu-toolchain/bin/../lib/gcc/avr/5.4.0/avr5\libgcc.a(_exit.o)
 .text.libgcc.mul
                0x00000000        0x0 c:/program files (x86)/atmel/studio/7.0/toolchain/avr8/avr8-gnu-toolchain/bin/../lib/gcc/avr/5.4.0/avr5\libgcc.a(_exit.o)
 .text.libgcc.div
                0x00000000        0x0 c:/program files (x86)/atmel/studio/7.0/toolchain/avr8/avr8-gnu-toolchain/bin/../lib/gcc/avr/5.4.0/avr5\libgcc.a(_exit.o)
 .text.libgcc   0x00000000        0x0 c:/program files (x86)/atmel/studio/7.0/toolchain/avr8/avr8-gnu-toolchain/bin/../lib/gcc/avr/5.4.0/avr5\libgcc.a(_exit.o)
 .text.libgcc.prologue
                0x00000000        0x0 c:/program files (x86)/atmel/studio/7.0/toolchain/avr8/avr8-gnu-toolchain/bin/../lib/gcc/avr/5.4.0/avr5\libgcc.a(_exit.o)
 .text.libgcc.builtins
                0x00000000        0x0 c:/program files (x86)/atmel/studio/7.0/toolchain/avr8/avr8-gnu-toolchain/bin/../lib/gcc/avr/5.4.0/avr5\libgcc.a(_exit.o)
 .text.libgcc.fmul
                0x00000000        0x0 c:/program files (x86)/atmel/studio/7.0/toolchain/avr8/avr8-gnu-toolchain/bin/../lib/gcc/avr/5.4.0/avr5\libgcc.a(_exit.o)
 .text.libgcc.fixed
                0x00000000        0x0 c:/program files (x86)/atmel/studio/7.0/toolchain/avr8/avr8-gnu-toolchain/bin/../lib/gcc/avr/5.4.0/avr5\libgcc.a(_exit.o)
 .text          0x00000000        0x0 c:/program files (x86)/atmel/studio/7.0/toolchain/avr8/avr8-gnu-toolchain/bin/../lib/gcc/avr/5.4.0/avr5\libgcc.a(_tablejump2.o)
 .data          0x00000000        0x0 c:/program files (x86)/atmel/studio/7.0/toolchain/avr8/avr8-gnu-toolchain/bin/../lib/gcc/avr/5.4.0/avr5\libgcc.a(_tablejump2.o)
 .bss           0x00000000        0x0 c:/program files (x86)/atmel/studio/7.0/toolchain/avr8/avr8-gnu-toolchain/bin/../lib/gcc/avr/5.4.0/avr5\libgcc.a(_tablejump2.o)
 .text.libgcc.mul
                0x00000000        0x0 c:/program files (x86)/atmel/studio/7.0/toolchain/avr8/avr8-gnu-toolchain/bin/../lib/gcc/avr/5.4.0/avr5\libgcc.a(_tablejump2.o)
 .text.libgcc.div
                0x00000000        0x0 c:/program files (x86)/atmel/studio/7.0/toolchain/avr8/avr8-gnu-toolchain/bin/../lib/gcc/avr/5.4.0/avr5\libgcc.a(_tablejump2.o)
 .text.libgcc.prologue
                0x00000000        0x0 c:/program files (x86)/atmel/studio/7.0/toolchain/avr8/avr8-gnu-toolchain/bin/../lib/gcc/avr/5.4.0/avr5\libgcc.a(_tablejump2.o)
 .text.libgcc.builtins
                0x00000000        0x0 c:/program files (x86)/atmel/studio/7.0/toolchain/avr8/avr8-gnu-toolchain/bin/../lib/gcc/avr/5.4.0/avr5\libgcc.a(_tablejump2.o)
 .text.libgcc.fmul
                0x00000000        0x0 c:/program files (x86)/atmel/studio/7.0/toolchain/avr8/avr8-gnu-toolchain/bin/../lib/gcc/avr/5.4.0/avr5\libgcc.a(_tablejump2.o)
 .text.libgcc.fixed
                0x00000000        0x0 c:/program files (x86)/atmel/studio/7.0/toolchain/avr8/avr8-gnu-toolchain/bin/../lib/gcc/avr/5.4.0/avr5\libgcc.a(_tablejump2.o)
 .text          0x00000000        0x0 c:/program files (x86)/atmel/studio/7.0/toolchain/avr8/avr8-gnu-toolchain/bin/../lib/gcc/avr/5.4.0/avr5\libgcc.a(_copy_data.o)
 .data          0x00000000        0x0 c:/program files (x86)/atmel/studio/7.0/toolchain/avr8/avr8-gnu-toolchain/bin/../lib/gcc/avr/5.4.0/avr5\libgcc.a(_copy_data.o)
 .bss           0x00000000        0x0 c:/program files (x86)/atmel/studio/7.0/toolchain/avr8/avr8-gnu-toolchain/bin/../lib/gcc/avr/5.4.0/avr5\libgcc.a(_copy_data.o)
 .text.libgcc.mul
                0x00000000        0x0 c:/program files (x86)/atmel/studio/7.0/toolchain/avr8/avr8-gnu-toolchain/bin/../lib/gcc/avr/5.4.0/avr5\libgcc.a(_copy_data.o)
 .text.libgcc.div
                0x00000000        0x0 c:/program files (x86)/atmel/studio/7.0/toolchain/avr8/avr8-gnu-toolchain/bin/../lib/gcc/avr/5.4.0/avr5\libgcc.a(_copy_data.o)
 .text.libgcc   0x00000000        0x0 c:/program files (x86)/atmel/studio/7.0/toolchain/avr8/avr8-gnu-toolchain/bin/../lib/gcc/avr/5.4.0/avr5\libgcc.a(_copy_data.o)
 .text.libgcc.prologue
                0x00000000        0x0 c:/program files (x86)/atmel/studio/7.0/toolchain/avr8/avr8-gnu-toolchain/bin/../lib/gcc/avr/5.4.0/avr5\libgcc.a(_copy_data.o)
 .text.libgcc.builtins
                0x00000000        0x0 c:/program files (x86)/atmel/studio/7.0/toolchain/avr8/avr8-gnu-toolchain/bin/../lib/gcc/avr/5.4.0/avr5\libgcc.a(_copy_data.o)
 .text.libgcc.fmul
                0x00000000        0x0 c:/program files (x86)/atmel/studio/7.0/toolchain/avr8/avr8-gnu-toolchain/bin/../lib/gcc/avr/5.4.0/avr5\libgcc.a(_copy_data.o)
 .text.libgcc.fixed
                0x00000000        0x0 c:/program files (x86)/atmel/studio/7.0/toolchain/avr8/avr8-gnu-toolchain/bin/../lib/gcc/avr/5.4.0/avr5\libgcc.a(_copy_data.o)
 .text          0x00000000        0x0 c:/program files (x86)/atmel/studio/7.0/toolchain/avr8/avr8-gnu-toolchain/bin/../lib/gcc/avr/5.4.0/avr5\libgcc.a(_clear_bss.o)
 .data          0x00000000        0x0 c:/program files (x86)/atmel/studio/7.0/toolchain/avr8/avr8-gnu-toolchain/bin/../lib/gcc/avr/5.4.0/avr5\libgcc.a(_clear_bss.o)
 .bss           0x00000000        0x0 c:/program files (x86)/atmel/studio/7.0/toolchain/avr8/avr8-gnu-toolchain/bin/../lib/gcc/avr/5.4.0/avr5\libgcc.a(_clear_bss.o)
 .text.libgcc.mul
                0x00000000        0x0 c:/program files (x86)/atmel/studio/7.0/toolchain/avr8/avr8-gnu-toolchain/bin/../lib/gcc/avr/5.4.0/avr5\libgcc.a(_clear_bss.o)
 .text.libgcc.div
                0x00000000        0x0 c:/program files (x86)/atmel/studio/7.0/toolchain/avr8/avr8-gnu-toolchain/bin/../lib/gcc/avr/5.4.0/avr5\libgcc.a(_clear_bss.o)
 .text.libgcc   0x00000000        0x0 c:/program files (x86)/atmel/studio/7.0/toolchain/avr8/avr8-gnu-toolchain/bin/../lib/gcc/avr/5.4.0/avr5\libgcc.a(_clear_bss.o)
 .text.libgcc.prologue
                0x00000000        0x0 c:/program files (x86)/atmel/studio/7.0/toolchain/avr8/avr8-gnu-toolchain/bin/../lib/gcc/avr/5.4.0/avr5\libgcc.a(_clear_bss.o)
 .text.libgcc.builtins
                0x00000000        0x0 c:/program files (x86)/atmel/studio/7.0/toolchain/avr8/avr8-gnu-toolchain/bin/../lib/gcc/avr/5.4.0/avr5\libgcc.a(_clear_bss.o)
 .text.libgcc.fmul
                0x00000000        0x0 c:/program files (x86)/atmel/studio/7.0/toolchain/avr8/avr8-gnu-toolchain/bin/../lib/gcc/avr/5.4.0/avr5\libgcc.a(_clear_bss.o)
 .text.libgcc.fixed
                0x00000000        0x0 c:/program files (x86)/atmel/studio/7.0/toolchain/avr8/avr8-gnu-toolchain/bin/../lib/gcc/avr/5.4.0/avr5\libgcc.a(_clear_bss.o)
 .text          0x00000000        0x0 c:/program files (x86)/atmel/studio/7.0/toolchain/avr8/avr8-gnu-toolchain/bin/../lib/gcc/avr/5.4.0/avr5\libgcc.a(_udivmodhi4.o)
 .data          0x00000000        0x0 c:/program files (x86)/atmel/studio/7.0/toolchain/avr8/avr8-gnu-toolchain/bin/../lib/gcc/avr/5.4.0/avr5\libgcc.a(_udivmodhi4.o)
 .bss           0x00000000        0x0 c:/program files (x86)/atmel/studio/7.0/toolchain/avr8/avr8-gnu-toolchain/bin/../lib/gcc/avr/5.4.0/avr5\libgcc.a(_udivmodhi4.o)
 .text.libgcc.mul
                0x00000000        0x0 c:/program files (x86)/atmel/studio/7.0/toolchain/avr8/avr8-gnu-toolchain/bin/../lib/gcc/avr/5.4.0/avr5\libgcc.a(_udivmodhi4.o)
 .text.libgcc   0x00000000        0x0 c:/program files (x86)/atmel/studio/7.0/toolchain/avr8/avr8-gnu-toolchain/bin/../lib/gcc/avr/5.4.0/avr5\libgcc.a(_udivmodhi4.o)
 .text.libgcc.prologue
                0x00000000        0x0 c:/program files (x86)/atmel/studio/7.0/toolchain/avr8/avr8-gnu-toolchain/bin/../lib/gcc/avr/5.4.0/avr5\libgcc.a(_udivmodhi4.o)
 .text.libgcc.builtins
                0x00000000        0x0 c:/program files (x86)/atmel/studio/7.0/toolchain/avr8/avr8-gnu-toolchain/bin/../lib/gcc/avr/5.4.0/avr5\libgcc.a(_udivmodhi4.o)
 .text.libgcc.fmul
                0x00000000        0x0 c:/program files (x86)/atmel/studio/7.0/toolchain/avr8/avr8-gnu-toolchain/bin/../lib/gcc/avr/5.4.0/avr5\libgcc.a(_udivmodhi4.o)
 .text.libgcc.fixed
                0x00000000        0x0 c:/program files (x86)/atmel/studio/7.0/toolchain/avr8/avr8-gnu-toolchain/bin/../lib/gcc/avr/5.4.0/avr5\libgcc.a(_udivmodhi4.o)

Memory Configuration

Name             Origin             Length             Attributes
text             0x00000000         0x00008000         xr
data             0x00800060         0x00000800         rw !x
eeprom           0x00810000         0x00000400         rw !x
fuse             0x00820000         0x00000002         rw !x
lock             0x00830000         0x00000400         rw !x
signature        0x00840000         0x00000400         rw !x
user_signatures  0x00850000         0x00000400         rw !x
*default*        0x00000000         0xffffffff

Linker script and memory map

LOAD C:/Program Files (x86)/Atmel/Studio/7.0/Packs/atmel/ATmega_DFP/1.7.374/gcc/dev/atmega32/avr5/crtatmega32.o
LOAD APP/main.o
LOAD HAL/7SEG/7SEG_prog.o
LOAD HAL/KP/KP_program.o
LOAD HAL/LCD/LCD_prog.o
LOAD HAL/LED/LED_prog.o
LOAD HAL/SW/SW_prog.o
LOAD MCAL/ADC/ADC_prog.o
LOAD MCAL/DIO/Dio_prog.o
LOAD MCAL/EXTI0/EXTI0_prog.o
LOAD MCAL/EXTI1/EXTI1_prog.o
LOAD MCAL/GIE/GIE_prog.o
LOAD MCAL/SPI/SPI_program.o
LOAD MCAL/TIMER1/TIMER1_prog.o
LOAD MCAL/TIMER0/TIMER0_prog.o
LOAD MCAL/USART/USART_program.o
START GROUP
LOAD c:/program files (x86)/atmel/studio/7.0/toolchain/avr8/avr8-gnu-toolchain/bin/../lib/gcc/avr/5.4.0/../../../../avr/lib/avr5\libm.a
END GROUP
START GROUP
LOAD c:/program files (x86)/atmel/studio/7.0/toolchain/avr8/avr8-gnu-toolchain/bin/../lib/gcc/avr/5.4.0/avr5\libgcc.a
LOAD c:/program files (x86)/atmel/studio/7.0/toolchain/avr8/avr8-gnu-toolchain/bin/../lib/gcc/avr/5.4.0/../../../../avr/lib/avr5\libm.a
LOAD c:/program files (x86)/atmel/studio/7.0/toolchain/avr8/avr8-gnu-toolchain/bin/../lib/gcc/avr/5.4.0/../../../../avr/lib/avr5\libc.a
LOAD C:/Program Files (x86)/Atmel/Studio/7.0/Packs/atmel/ATmega_DFP/1.7.374/gcc/dev/atmega32/avr5\libatmega32.a
END GROUP
                0x00000000                __TEXT_REGION_ORIGIN__ = DEFINED (__TEXT_REGION_ORIGIN__)?__TEXT_REGION_ORIGIN__:0x0
                [0x00800060]                __DATA_REGION_ORIGIN__ = DEFINED (__DATA_REGION_ORIGIN__)?__DATA_REGION_ORIGIN__:0x800060
                [0x00008000]                __TEXT_REGION_LENGTH__ = DEFINED (__TEXT_REGION_LENGTH__)?__TEXT_REGION_LENGTH__:0x20000
                [0x00000800]                __DATA_REGION_LENGTH__ = DEFINED (__DATA_REGION_LENGTH__)?__DATA_REGION_LENGTH__:0xffa0
                [0x00000400]                __EEPROM_REGION_LENGTH__ = DEFINED (__EEPROM_REGION_LENGTH__)?__EEPROM_REGION_LENGTH__:0x10000
                [0x00000002]                __FUSE_REGION_LENGTH__ = DEFINED (__FUSE_REGION_LENGTH__)?__FUSE_REGION_LENGTH__:0x400
                0x00000400                __LOCK_REGION_LENGTH__ = DEFINED (__LOCK_REGION_LENGTH__)?__LOCK_REGION_LENGTH__:0x400
                0x00000400                __SIGNATURE_REGION_LENGTH__ = DEFINED (__SIGNATURE_REGION_LENGTH__)?__SIGNATURE_REGION_LENGTH__:0x400
                0x00000400                __USER_SIGNATURE_REGION_LENGTH__ = DEFINED (__USER_SIGNATURE_REGION_LENGTH__)?__USER_SIGNATURE_REGION_LENGTH__:0x400

.hash
 *(.hash)

.dynsym
 *(.dynsym)

.dynstr
 *(.dynstr)

.gnu.version
 *(.gnu.version)

.gnu.version_d
 *(.gnu.version_d)

.gnu.version_r
 *(.gnu.version_r)

.rel.init
 *(.rel.init)

.rela.init
 *(.rela.init)

.rel.text
 *(.rel.text)
 *(.rel.text.*)
 *(.rel.gnu.linkonce.t*)

.rela.text
 *(.rela.text)
 *(.rela.text.*)
 *(.rela.gnu.linkonce.t*)

.rel.fini
 *(.rel.fini)

.rela.fini
 *(.rela.fini)

.rel.rodata
 *(.rel.rodata)
 *(.rel.rodata.*)
 *(.rel.gnu.linkonce.r*)

.rela.rodata
 *(.rela.rodata)
 *(.rela.rodata.*)
 *(.rela.gnu.linkonce.r*)

.rel.data
 *(.rel.data)
 *(.rel.data.*)
 *(.rel.gnu.linkonce.d*)

.rela.data
 *(.rela.data)
 *(.rela.data.*)
 *(.rela.gnu.linkonce.d*)

.rel.ctors
 *(.rel.ctors)

.rela.ctors
 *(.rela.ctors)

.rel.dtors
 *(.rel.dtors)

.rela.dtors
 *(.rela.dtors)

.rel.got
 *(.rel.got)

.rela.got
 *(.rela.got)

.rel.bss
 *(.rel.bss)

.rela.bss
 *(.rela.bss)

.rel.plt
 *(.rel.plt)

.rela.plt
 *(.rela.plt)

.text           0x00000000      0xace
 *(.vectors)
 .vectors       0x00000000       0x54 C:/Program Files (x86)/Atmel/Studio/7.0/Packs/atmel/ATmega_DFP/1.7.374/gcc/dev/atmega32/avr5/crtatmega32.o
                0x00000000                __vector_default
                0x00000000                __vectors
 *(.vectors)
 *(.progmem.gcc*)
 .progmem.gcc_sw_table.TIMER0_init
                0x00000054       0x10 MCAL/TIMER0/TIMER0_prog.o
 .progmem.gcc_sw_table.TIMER0_start
                0x00000064        0xe MCAL/TIMER0/TIMER0_prog.o
                0x00000072                . = ALIGN (0x2)
                0x00000072                __trampolines_start = .
 *(.trampolines)
 .trampolines   0x00000072        0x0 linker stubs
 *(.trampolines*)
                0x00000072                __trampolines_end = .
 *libprintf_flt.a:*(.progmem.data)
 *libc.a:*(.progmem.data)
 *(.progmem*)
                0x00000072                . = ALIGN (0x2)
 *(.jumptables)
 *(.jumptables*)
 *(.lowtext)
 *(.lowtext*)
                0x00000072                __ctors_start = .
 *(.ctors)
                0x00000072                __ctors_end = .
                0x00000072                __dtors_start = .
 *(.dtors)
                0x00000072                __dtors_end = .
 SORT(*)(.ctors)
 SORT(*)(.dtors)
 *(.init0)
 .init0         0x00000072        0x0 C:/Program Files (x86)/Atmel/Studio/7.0/Packs/atmel/ATmega_DFP/1.7.374/gcc/dev/atmega32/avr5/crtatmega32.o
                0x00000072                __init
 *(.init0)
 *(.init1)
 *(.init1)
 *(.init2)
 .init2         0x00000072        0xc C:/Program Files (x86)/Atmel/Studio/7.0/Packs/atmel/ATmega_DFP/1.7.374/gcc/dev/atmega32/avr5/crtatmega32.o
 *(.init2)
 *(.init3)
 *(.init3)
 *(.init4)
 .init4         0x0000007e       0x16 c:/program files (x86)/atmel/studio/7.0/toolchain/avr8/avr8-gnu-toolchain/bin/../lib/gcc/avr/5.4.0/avr5\libgcc.a(_copy_data.o)
                0x0000007e                __do_copy_data
 .init4         0x00000094       0x10 c:/program files (x86)/atmel/studio/7.0/toolchain/avr8/avr8-gnu-toolchain/bin/../lib/gcc/avr/5.4.0/avr5\libgcc.a(_clear_bss.o)
                0x00000094                __do_clear_bss
 *(.init4)
 *(.init5)
 *(.init5)
 *(.init6)
 *(.init6)
 *(.init7)
 *(.init7)
 *(.init8)
 *(.init8)
 *(.init9)
 .init9         0x000000a4        0x8 C:/Program Files (x86)/Atmel/Studio/7.0/Packs/atmel/ATmega_DFP/1.7.374/gcc/dev/atmega32/avr5/crtatmega32.o
 *(.init9)
 *(.text)
 .text          0x000000ac        0x4 C:/Program Files (x86)/Atmel/Studio/7.0/Packs/atmel/ATmega_DFP/1.7.374/gcc/dev/atmega32/avr5/crtatmega32.o
                0x000000ac                __vector_12
                0x000000ac                __bad_interrupt
                0x000000ac                __vector_6
                0x000000ac                __vector_3
                0x000000ac                __vector_13
                0x000000ac                __vector_17
                0x000000ac                __vector_19
                0x000000ac                __vector_7
                0x000000ac                __vector_5
                0x000000ac                __vector_4
                0x000000ac                __vector_9
                0x000000ac                __vector_15
                0x000000ac                __vector_8
                0x000000ac                __vector_14
                0x000000ac                __vector_10
                0x000000ac                __vector_18
                0x000000ac                __vector_20
                0x000000b0                . = ALIGN (0x2)
 *(.text.*)
 .text.TIMER0_ISR
                0x000000b0       0x14 APP/main.o
                0x000000b0                TIMER0_ISR
 .text.EXTI1_ISR
                0x000000c4       0x1a APP/main.o
                0x000000c4                EXTI1_ISR
 .text.ExtInt1_kpCntr
                0x000000de       0x3c APP/main.o
                0x000000de                ExtInt1_kpCntr
 .text.main     0x0000011a       0x6a APP/main.o
                0x0000011a                main
 .text.KP_init  0x00000184       0x7a HAL/KP/KP_program.o
                0x00000184                KP_init
 .text.KP_getChar
                0x000001fe      0x100 HAL/KP/KP_program.o
                0x000001fe                KP_getChar
 .text.LCD_voidEN
                0x000002fe       0x34 HAL/LCD/LCD_prog.o
                0x000002fe                LCD_voidEN
 .text.LCD_voidRS
                0x00000332        0xc HAL/LCD/LCD_prog.o
                0x00000332                LCD_voidRS
 .text.LCD_voidCommand
                0x0000033e       0x90 HAL/LCD/LCD_prog.o
                0x0000033e                LCD_voidCommand
 .text.LCD_init
                0x000003ce       0x80 HAL/LCD/LCD_prog.o
                0x000003ce                LCD_init
 .text.LCD_voidWriteData
                0x0000044e       0x90 HAL/LCD/LCD_prog.o
                0x0000044e                LCD_voidWriteData
 .text.LCD_voidPrintNum
                0x000004de       0x8c HAL/LCD/LCD_prog.o
                0x000004de                LCD_voidPrintNum
 .text.LCD_voidCls
                0x0000056a        0x8 HAL/LCD/LCD_prog.o
                0x0000056a                LCD_voidCls
 .text.__vector_16
                0x00000572       0x4e MCAL/ADC/ADC_prog.o
                0x00000572                __vector_16
 .text.Dio_voidSetPinDirection
                0x000005c0       0xec MCAL/DIO/Dio_prog.o
                0x000005c0                Dio_voidSetPinDirection
 .text.Dio_voidSetPinValue
                0x000006ac       0xec MCAL/DIO/Dio_prog.o
                0x000006ac                Dio_voidSetPinValue
 .text.Dio_u8GetPinValue
                0x00000798       0x6c MCAL/DIO/Dio_prog.o
                0x00000798                Dio_u8GetPinValue
 .text.__vector_1
                0x00000804       0x4e MCAL/EXTI0/EXTI0_prog.o
                0x00000804                __vector_1
 .text.EXTI1_init
                0x00000852       0x28 MCAL/EXTI1/EXTI1_prog.o
                0x00000852                EXTI1_init
 .text.EXTI1_en
                0x0000087a        0x8 MCAL/EXTI1/EXTI1_prog.o
                0x0000087a                EXTI1_en
 .text.EXTI1_callback
                0x00000882        0xe MCAL/EXTI1/EXTI1_prog.o
                0x00000882                EXTI1_callback
 .text.__vector_2
                0x00000890       0x4e MCAL/EXTI1/EXTI1_prog.o
                0x00000890                __vector_2
 .text.GIE_enable
                0x000008de        0x8 MCAL/GIE/GIE_prog.o
                0x000008de                GIE_enable
 .text.TIMER0_init
                0x000008e6       0xc8 MCAL/TIMER0/TIMER0_prog.o
                0x000008e6                TIMER0_init
 .text.TIMER0_preload
                0x000009ae        0x4 MCAL/TIMER0/TIMER0_prog.o
                0x000009ae                TIMER0_preload
 .text.TIMER0_stop
                0x000009b2        0x8 MCAL/TIMER0/TIMER0_prog.o
                0x000009b2                TIMER0_stop
 .text.TIMER0_start
                0x000009ba       0x58 MCAL/TIMER0/TIMER0_prog.o
                0x000009ba                TIMER0_start
 .text.TIMER0_callback
                0x00000a12        0xe MCAL/TIMER0/TIMER0_prog.o
                0x00000a12                TIMER0_callback
 .text.__vector_11
                0x00000a20       0x4e MCAL/TIMER0/TIMER0_prog.o
                0x00000a20                __vector_11
 .text.libgcc.div
                0x00000a6e       0x28 c:/program files (x86)/atmel/studio/7.0/toolchain/avr8/avr8-gnu-toolchain/bin/../lib/gcc/avr/5.4.0/avr5\libgcc.a(_divmodhi4.o)
                0x00000a6e                _div
                0x00000a6e                __divmodhi4
 .text.libgcc   0x00000a96        0xc c:/program files (x86)/atmel/studio/7.0/toolchain/avr8/avr8-gnu-toolchain/bin/../lib/gcc/avr/5.4.0/avr5\libgcc.a(_tablejump2.o)
                0x00000a96                __tablejump2__
 .text.libgcc.div
                0x00000aa2       0x28 c:/program files (x86)/atmel/studio/7.0/toolchain/avr8/avr8-gnu-toolchain/bin/../lib/gcc/avr/5.4.0/avr5\libgcc.a(_udivmodhi4.o)
                0x00000aa2                __udivmodhi4
                0x00000aca                . = ALIGN (0x2)
 *(.fini9)
 .fini9         0x00000aca        0x0 c:/program files (x86)/atmel/studio/7.0/toolchain/avr8/avr8-gnu-toolchain/bin/../lib/gcc/avr/5.4.0/avr5\libgcc.a(_exit.o)
                0x00000aca                _exit
                0x00000aca                exit
 *(.fini9)
 *(.fini8)
 *(.fini8)
 *(.fini7)
 *(.fini7)
 *(.fini6)
 *(.fini6)
 *(.fini5)
 *(.fini5)
 *(.fini4)
 *(.fini4)
 *(.fini3)
 *(.fini3)
 *(.fini2)
 *(.fini2)
 *(.fini1)
 *(.fini1)
 *(.fini0)
 .fini0         0x00000aca        0x4 c:/program files (x86)/atmel/studio/7.0/toolchain/avr8/avr8-gnu-toolchain/bin/../lib/gcc/avr/5.4.0/avr5\libgcc.a(_exit.o)
 *(.fini0)
                0x00000ace                _etext = .

.data           0x00800060       0x10 load address 0x00000ace
                0x00800060                PROVIDE (__data_start, .)
 *(.data)
 *(.data*)
 *(.gnu.linkonce.d*)
 *(.rodata)
 .rodata        0x00800060       0x10 HAL/KP/KP_program.o
 *(.rodata*)
 *(.gnu.linkonce.r*)
                0x00800070                . = ALIGN (0x2)
                0x00800070                _edata = .
                0x00800070                PROVIDE (__data_end, .)

.bss            0x00800070        0xe
                0x00800070                PROVIDE (__bss_start, .)
 *(.bss)
 *(.bss*)
 .bss.exti1_counter
                0x00800070        0x2 APP/main.o
 .bss.counter   0x00800072        0x1 APP/main.o
 .bss.exti1_flag
                0x00800073        0x1 APP/main.o
 .bss.timer0_overflows
                0x00800074        0x2 APP/main.o
 .bss.pf_adc    0x00800076        0x2 MCAL/ADC/ADC_prog.o
 .bss.pf_exti0  0x00800078        0x2 MCAL/EXTI0/EXTI0_prog.o
 .bss.pf_exti1  0x0080007a        0x2 MCAL/EXTI1/EXTI1_prog.o
 .bss.timer0_pf
                0x0080007c        0x2 MCAL/TIMER0/TIMER0_prog.o
 *(COMMON)
                0x0080007e                PROVIDE (__bss_end, .)
                0x00000ace                __data_load_start = LOADADDR (.data)
                0x00000ade                __data_load_end = (__data_load_start + SIZEOF (.data))

.noinit         0x0080007e        0x0
                [!provide]                PROVIDE (__noinit_start, .)
 *(.noinit*)
                [!provide]                PROVIDE (__noinit_end, .)
                0x0080007e                _end = .
                [!provide]                PROVIDE (__heap_start, .)

.eeprom         0x00810000        0x0
 *(.eeprom*)
                0x00810000                __eeprom_end = .

.fuse
 *(.fuse)
 *(.lfuse)
 *(.hfuse)
 *(.efuse)

.lock
 *(.lock*)

.signature
 *(.signature*)

.user_signatures
 *(.user_signatures*)

.stab
 *(.stab)

.stabstr
 *(.stabstr)

.stab.excl
 *(.stab.excl)

.stab.exclstr
 *(.stab.exclstr)

.stab.index
 *(.stab.index)

.stab.indexstr
 *(.stab.indexstr)

.comment        0x00000000       0x30
 *(.comment)
 .comment       0x00000000       0x30 APP/main.o
                                 0x31 (size before relaxing)
 .comment       0x00000030       0x31 HAL/KP/KP_program.o
 .comment       0x00000030       0x31 HAL/LCD/LCD_prog.o
 .comment       0x00000030       0x31 MCAL/ADC/ADC_prog.o
 .comment       0x00000030       0x31 MCAL/DIO/Dio_prog.o
 .comment       0x00000030       0x31 MCAL/EXTI0/EXTI0_prog.o
 .comment       0x00000030       0x31 MCAL/EXTI1/EXTI1_prog.o
 .comment       0x00000030       0x31 MCAL/GIE/GIE_prog.o
 .comment       0x00000030       0x31 MCAL/TIMER0/TIMER0_prog.o

.note.gnu.avr.deviceinfo
                0x00000000       0x3c
 .note.gnu.avr.deviceinfo
                0x00000000       0x3c C:/Program Files (x86)/Atmel/Studio/7.0/Packs/atmel/ATmega_DFP/1.7.374/gcc/dev/atmega32/avr5/crtatmega32.o

.note.gnu.build-id
 *(.note.gnu.build-id)

.debug
 *(.debug)

.line
 *(.line)

.debug_srcinfo
 *(.debug_srcinfo)

.debug_sfnames
 *(.debug_sfnames)

.debug_aranges  0x00000000      0x2c8
 *(.debug_aranges)
 .debug_aranges
                0x00000000       0x60 APP/main.o
 .debug_aranges
                0x00000060       0x38 HAL/KP/KP_program.o
 .debug_aranges
                0x00000098       0x70 HAL/LCD/LCD_prog.o
 .debug_aranges
                0x00000108       0x50 MCAL/ADC/ADC_prog.o
 .debug_aranges
                0x00000158       0x48 MCAL/DIO/Dio_prog.o
 .debug_aranges
                0x000001a0       0x48 MCAL/EXTI0/EXTI0_prog.o
 .debug_aranges
                0x000001e8       0x48 MCAL/EXTI1/EXTI1_prog.o
 .debug_aranges
                0x00000230       0x28 MCAL/GIE/GIE_prog.o
 .debug_aranges
                0x00000258       0x70 MCAL/TIMER0/TIMER0_prog.o

.debug_pubnames
 *(.debug_pubnames)

.debug_info     0x00000000     0x28e0
 *(.debug_info .gnu.linkonce.wi.*)
 .debug_info    0x00000000      0x4e6 C:/Program Files (x86)/Atmel/Studio/7.0/Packs/atmel/ATmega_DFP/1.7.374/gcc/dev/atmega32/avr5/crtatmega32.o
 .debug_info    0x000004e6      0x875 APP/main.o
 .debug_info    0x00000d5b      0x83d HAL/KP/KP_program.o
 .debug_info    0x00001598      0x921 HAL/LCD/LCD_prog.o
 .debug_info    0x00001eb9      0x1b0 MCAL/ADC/ADC_prog.o
 .debug_info    0x00002069      0x1d5 MCAL/DIO/Dio_prog.o
 .debug_info    0x0000223e      0x18d MCAL/EXTI0/EXTI0_prog.o
 .debug_info    0x000023cb      0x18d MCAL/EXTI1/EXTI1_prog.o
 .debug_info    0x00002558       0x9d MCAL/GIE/GIE_prog.o
 .debug_info    0x000025f5      0x2eb MCAL/TIMER0/TIMER0_prog.o

.debug_abbrev   0x00000000      0xea8
 *(.debug_abbrev)
 .debug_abbrev  0x00000000      0x4a3 C:/Program Files (x86)/Atmel/Studio/7.0/Packs/atmel/ATmega_DFP/1.7.374/gcc/dev/atmega32/avr5/crtatmega32.o
 .debug_abbrev  0x000004a3      0x1b0 APP/main.o
 .debug_abbrev  0x00000653      0x199 HAL/KP/KP_program.o
 .debug_abbrev  0x000007ec      0x1dd HAL/LCD/LCD_prog.o
 .debug_abbrev  0x000009c9       0xda MCAL/ADC/ADC_prog.o
 .debug_abbrev  0x00000aa3       0x9a MCAL/DIO/Dio_prog.o
 .debug_abbrev  0x00000b3d      0x101 MCAL/EXTI0/EXTI0_prog.o
 .debug_abbrev  0x00000c3e      0x101 MCAL/EXTI1/EXTI1_prog.o
 .debug_abbrev  0x00000d3f       0x44 MCAL/GIE/GIE_prog.o
 .debug_abbrev  0x00000d83      0x125 MCAL/TIMER0/TIMER0_prog.o

.debug_line     0x00000000     0x1952
 *(.debug_line .debug_line.* .debug_line_end)
 .debug_line    0x00000000      0x116 C:/Program Files (x86)/Atmel/Studio/7.0/Packs/atmel/ATmega_DFP/1.7.374/gcc/dev/atmega32/avr5/crtatmega32.o
 .debug_line    0x00000116      0x54e APP/main.o
 .debug_line    0x00000664      0x4e9 HAL/KP/KP_program.o
 .debug_line    0x00000b4d      0x439 HAL/LCD/LCD_prog.o
 .debug_line    0x00000f86      0x15d MCAL/ADC/ADC_prog.o
 .debug_line    0x000010e3      0x258 MCAL/DIO/Dio_prog.o
 .debug_line    0x0000133b      0x15f MCAL/EXTI0/EXTI0_prog.o
 .debug_line    0x0000149a      0x160 MCAL/EXTI1/EXTI1_prog.o
 .debug_line    0x000015fa       0x85 MCAL/GIE/GIE_prog.o
 .debug_line    0x0000167f      0x2d3 MCAL/TIMER0/TIMER0_prog.o

.debug_frame    0x00000000      0x698
 *(.debug_frame)
 .debug_frame   0x00000000       0xac APP/main.o
 .debug_frame   0x000000ac       0xd4 HAL/KP/KP_program.o
 .debug_frame   0x00000180      0x110 HAL/LCD/LCD_prog.o
 .debug_frame   0x00000290       0xcc MCAL/ADC/ADC_prog.o
 .debug_frame   0x0000035c       0x74 MCAL/DIO/Dio_prog.o
 .debug_frame   0x000003d0       0xbc MCAL/EXTI0/EXTI0_prog.o
 .debug_frame   0x0000048c       0xbc MCAL/EXTI1/EXTI1_prog.o
 .debug_frame   0x00000548       0x34 MCAL/GIE/GIE_prog.o
 .debug_frame   0x0000057c      0x11c MCAL/TIMER0/TIMER0_prog.o

.debug_str      0x00000000      0x95f
 *(.debug_str)
 .debug_str     0x00000000      0x196 C:/Program Files (x86)/Atmel/Studio/7.0/Packs/atmel/ATmega_DFP/1.7.374/gcc/dev/atmega32/avr5/crtatmega32.o
 .debug_str     0x00000196      0x3a0 APP/main.o
                                0x3e8 (size before relaxing)
 .debug_str     0x00000536       0x8b HAL/KP/KP_program.o
                                0x2ec (size before relaxing)
 .debug_str     0x000005c1       0x9e HAL/LCD/LCD_prog.o
                                0x318 (size before relaxing)
 .debug_str     0x0000065f       0xa1 MCAL/ADC/ADC_prog.o
                                0x235 (size before relaxing)
 .debug_str     0x00000700       0x64 MCAL/DIO/Dio_prog.o
                                0x208 (size before relaxing)
 .debug_str     0x00000764       0x7a MCAL/EXTI0/EXTI0_prog.o
                                0x20a (size before relaxing)
 .debug_str     0x000007de       0x39 MCAL/EXTI1/EXTI1_prog.o
                                0x204 (size before relaxing)
 .debug_str     0x00000817       0x23 MCAL/GIE/GIE_prog.o
                                0x184 (size before relaxing)
 .debug_str     0x0000083a      0x125 MCAL/TIMER0/TIMER0_prog.o
                                0x2f4 (size before relaxing)

.debug_loc      0x00000000     0x177f
 *(.debug_loc)
 .debug_loc     0x00000000      0x11f APP/main.o
 .debug_loc     0x0000011f      0x6ef HAL/KP/KP_program.o
 .debug_loc     0x0000080e      0x5c5 HAL/LCD/LCD_prog.o
 .debug_loc     0x00000dd3      0x160 MCAL/ADC/ADC_prog.o
 .debug_loc     0x00000f33      0x33a MCAL/DIO/Dio_prog.o
 .debug_loc     0x0000126d      0x137 MCAL/EXTI0/EXTI0_prog.o
 .debug_loc     0x000013a4      0x137 MCAL/EXTI1/EXTI1_prog.o
 .debug_loc     0x000014db      0x2a4 MCAL/TIMER0/TIMER0_prog.o

.debug_macinfo
 *(.debug_macinfo)

.debug_weaknames
 *(.debug_weaknames)

.debug_funcnames
 *(.debug_funcnames)

.debug_typenames
 *(.debug_typenames)

.debug_varnames
 *(.debug_varnames)

.debug_pubtypes
 *(.debug_pubtypes)

.debug_ranges   0x00000000      0x250
 *(.debug_ranges)
 .debug_ranges  0x00000000       0x50 APP/main.o
 .debug_ranges  0x00000050       0x40 HAL/KP/KP_program.o
 .debug_ranges  0x00000090       0x60 HAL/LCD/LCD_prog.o
 .debug_ranges  0x000000f0       0x40 MCAL/ADC/ADC_prog.o
 .debug_ranges  0x00000130       0x38 MCAL/DIO/Dio_prog.o
 .debug_ranges  0x00000168       0x38 MCAL/EXTI0/EXTI0_prog.o
 .debug_ranges  0x000001a0       0x38 MCAL/EXTI1/EXTI1_prog.o
 .debug_ranges  0x000001d8       0x18 MCAL/GIE/GIE_prog.o
 .debug_ranges  0x000001f0       0x60 MCAL/TIMER0/TIMER0_prog.o

.debug_macro
 *(.debug_macro)
OUTPUT(Poject1.elf elf32-avr)
LOAD linker stubs
